###############################################################################
#
# IAR ELF Linker V8.22.2.15995/W32 for ARM                12/Sep/2019  15:08:55
# Copyright 2007-2018 IAR Systems AB.
#
#    Output file  =  
#        C:\Users\wwxx\Desktop\ADXL345_IIC_l431\EWARM\ADXL345_IIC_l431\Exe\ADXL345_IIC_l431.out
#    Map file     =  
#        C:\Users\wwxx\Desktop\ADXL345_IIC_l431\EWARM\ADXL345_IIC_l431\List\ADXL345_IIC_l431.map
#    Command line =  
#        -f C:\Users\wwxx\AppData\Local\Temp\EWEAB3.tmp
#        (C:\Users\wwxx\Desktop\ADXL345_IIC_l431\EWARM\ADXL345_IIC_l431\Obj\ADXL.o
#        C:\Users\wwxx\Desktop\ADXL345_IIC_l431\EWARM\ADXL345_IIC_l431\Obj\dma.o
#        C:\Users\wwxx\Desktop\ADXL345_IIC_l431\EWARM\ADXL345_IIC_l431\Obj\gpio.o
#        C:\Users\wwxx\Desktop\ADXL345_IIC_l431\EWARM\ADXL345_IIC_l431\Obj\i2c.o
#        C:\Users\wwxx\Desktop\ADXL345_IIC_l431\EWARM\ADXL345_IIC_l431\Obj\main.o
#        C:\Users\wwxx\Desktop\ADXL345_IIC_l431\EWARM\ADXL345_IIC_l431\Obj\startup_stm32l431xx.o
#        C:\Users\wwxx\Desktop\ADXL345_IIC_l431\EWARM\ADXL345_IIC_l431\Obj\stm32l4xx_hal.o
#        C:\Users\wwxx\Desktop\ADXL345_IIC_l431\EWARM\ADXL345_IIC_l431\Obj\stm32l4xx_hal_cortex.o
#        C:\Users\wwxx\Desktop\ADXL345_IIC_l431\EWARM\ADXL345_IIC_l431\Obj\stm32l4xx_hal_dma.o
#        C:\Users\wwxx\Desktop\ADXL345_IIC_l431\EWARM\ADXL345_IIC_l431\Obj\stm32l4xx_hal_dma_ex.o
#        C:\Users\wwxx\Desktop\ADXL345_IIC_l431\EWARM\ADXL345_IIC_l431\Obj\stm32l4xx_hal_exti.o
#        C:\Users\wwxx\Desktop\ADXL345_IIC_l431\EWARM\ADXL345_IIC_l431\Obj\stm32l4xx_hal_flash.o
#        C:\Users\wwxx\Desktop\ADXL345_IIC_l431\EWARM\ADXL345_IIC_l431\Obj\stm32l4xx_hal_flash_ex.o
#        C:\Users\wwxx\Desktop\ADXL345_IIC_l431\EWARM\ADXL345_IIC_l431\Obj\stm32l4xx_hal_flash_ramfunc.o
#        C:\Users\wwxx\Desktop\ADXL345_IIC_l431\EWARM\ADXL345_IIC_l431\Obj\stm32l4xx_hal_gpio.o
#        C:\Users\wwxx\Desktop\ADXL345_IIC_l431\EWARM\ADXL345_IIC_l431\Obj\stm32l4xx_hal_i2c.o
#        C:\Users\wwxx\Desktop\ADXL345_IIC_l431\EWARM\ADXL345_IIC_l431\Obj\stm32l4xx_hal_i2c_ex.o
#        C:\Users\wwxx\Desktop\ADXL345_IIC_l431\EWARM\ADXL345_IIC_l431\Obj\stm32l4xx_hal_msp.o
#        C:\Users\wwxx\Desktop\ADXL345_IIC_l431\EWARM\ADXL345_IIC_l431\Obj\stm32l4xx_hal_pwr.o
#        C:\Users\wwxx\Desktop\ADXL345_IIC_l431\EWARM\ADXL345_IIC_l431\Obj\stm32l4xx_hal_pwr_ex.o
#        C:\Users\wwxx\Desktop\ADXL345_IIC_l431\EWARM\ADXL345_IIC_l431\Obj\stm32l4xx_hal_rcc.o
#        C:\Users\wwxx\Desktop\ADXL345_IIC_l431\EWARM\ADXL345_IIC_l431\Obj\stm32l4xx_hal_rcc_ex.o
#        C:\Users\wwxx\Desktop\ADXL345_IIC_l431\EWARM\ADXL345_IIC_l431\Obj\stm32l4xx_hal_tim.o
#        C:\Users\wwxx\Desktop\ADXL345_IIC_l431\EWARM\ADXL345_IIC_l431\Obj\stm32l4xx_hal_tim_ex.o
#        C:\Users\wwxx\Desktop\ADXL345_IIC_l431\EWARM\ADXL345_IIC_l431\Obj\stm32l4xx_hal_uart.o
#        C:\Users\wwxx\Desktop\ADXL345_IIC_l431\EWARM\ADXL345_IIC_l431\Obj\stm32l4xx_hal_uart_ex.o
#        C:\Users\wwxx\Desktop\ADXL345_IIC_l431\EWARM\ADXL345_IIC_l431\Obj\stm32l4xx_it.o
#        C:\Users\wwxx\Desktop\ADXL345_IIC_l431\EWARM\ADXL345_IIC_l431\Obj\system_stm32l4xx.o
#        C:\Users\wwxx\Desktop\ADXL345_IIC_l431\EWARM\ADXL345_IIC_l431\Obj\usart.o
#        --redirect _Printf=_PrintfFull --redirect _Scanf=_ScanfFull -o
#        C:\Users\wwxx\Desktop\ADXL345_IIC_l431\EWARM\ADXL345_IIC_l431\Exe\ADXL345_IIC_l431.out
#        --map
#        C:\Users\wwxx\Desktop\ADXL345_IIC_l431\EWARM\ADXL345_IIC_l431\List\ADXL345_IIC_l431.map
#        --config
#        C:\Users\wwxx\Desktop\ADXL345_IIC_l431\EWARM/stm32l431xx_flash.icf
#        --semihosting --entry __iar_program_start --vfe --text_out locale)
#
###############################################################################

*******************************************************************************
*** RUNTIME MODEL ATTRIBUTES
***

CppFlavor       = *
__SystemLibrary = DLib
__dlib_version  = 6


*******************************************************************************
*** HEAP SELECTION
***

The basic heap was selected because no calls to memory allocation
functions were found in the application outside of system library
functions, and there are calls to deallocation functions in the
application.


*******************************************************************************
*** PLACEMENT SUMMARY
***

"A0":  place at 0x08000000 { ro section .intvec };
"P1":  place in [from 0x08000000 to 0x0803ffff] { ro };
define block CSTACK with size = 1K, alignment = 8 { };
define block HEAP with size = 512, alignment = 8 { };
"P2":  place in [from 0x20000000 to 0x2000ffff] {
          rw, block CSTACK, block HEAP };
initialize by copy { rw };

  Section            Kind        Address    Size  Object
  -------            ----        -------    ----  ------
"A0":                                      0x18c
  .intvec            ro code  0x08000000   0x18c  startup_stm32l431xx.o [1]
                            - 0x0800018c   0x18c

"P1":                                     0x450a
  .text              ro code  0x0800018c   0xf96  xprintffull.o [3]
  .text              ro code  0x08001122    0x1e  xencoding_8859_1.o [3]
  .text              ro code  0x08001140    0x74  xlocale_c.o [3]
  .text              ro code  0x080011b4    0x16  strchr.o [5]
  .text              ro code  0x080011cc    0x40  xfail_s.o [3]
  .text              ro code  0x0800120c    0x36  strlen.o [5]
  .text              ro code  0x08001244    0x58  memchr.o [5]
  .text              ro code  0x0800129c     0xa  xmbcurmax.o [3]
  .text              ro code  0x080012a8    0xa6  ABImemcpy.o [5]
  .text              ro code  0x08001350   0x22e  I64DivMod.o [5]
  .text              ro code  0x08001580   0x1a2  DblMul.o [4]
  .text              ro code  0x08001724    0x70  frexp.o [4]
  .text              ro code  0x08001794    0x2e  DblCmpLe.o [4]
  .text              ro code  0x080017c4    0x2e  DblCmpGe.o [4]
  .text              ro code  0x080017f4   0x13a  ldexp.o [4]
  .text              ro code  0x08001930    0x3a  DblToS32.o [4]
  .text              ro code  0x0800196c    0x22  S32ToDbl.o [4]
  .text              ro code  0x08001990    0xe2  DblSub.o [4]
  .text              ro code  0x08001a74   0x246  DblDiv.o [4]
  .text              ro code  0x08001cbc    0x28  DblToU32.o [4]
  .text              ro code  0x08001ce4    0x1a  U32ToDbl.o [4]
  .text              ro code  0x08001cfe     0x6  abort.o [3]
  .text              ro code  0x08001d04     0x2  I64DivZer.o [5]
  .text              ro code  0x08001d08   0x168  DblAdd.o [4]
  .text              ro code  0x08001e70    0x14  exit.o [6]
  .text              ro code  0x08001e84   0x740  stm32l4xx_hal_rcc.o [1]
  .text              ro code  0x080025c4    0x44  stm32l4xx_hal.o [1]
  .text              ro code  0x08002608     0xc  stm32l4xx_hal.o [1]
  .text              ro code  0x08002614    0x80  stm32l4xx_hal_pwr_ex.o [1]
  .text              ro code  0x08002694    0xc8  stm32l4xx_hal_cortex.o [1]
  .text              ro code  0x0800275c   0x5d8  stm32l4xx_hal_i2c.o [1]
  .text              ro code  0x08002d34   0x130  i2c.o [1]
  .text              ro code  0x08002e64   0x114  main.o [1]
  .text              ro code  0x08002f78    0x86  stm32l4xx_hal_i2c_ex.o [1]
  .text              ro code  0x08003000     0x6  ABImemclr4.o [5]
  .text              ro code  0x08003008   0x1f0  stm32l4xx_hal_gpio.o [1]
  .text              ro code  0x080031f8   0x1a0  stm32l4xx_hal_dma.o [1]
  .text              ro code  0x08003398    0x1e  stm32l4xx_hal.o [1]
  .text              ro code  0x080033b8   0x14c  gpio.o [1]
  .text              ro code  0x08003504    0x40  dma.o [1]
  .text              ro code  0x08003544    0xa0  usart.o [1]
  .text              ro code  0x080035e4   0x394  ADXL.o [1]
  .text              ro code  0x08003978    0x28  printf.o [3]
  .text              ro code  0x080039a0    0x28  stm32l4xx_hal.o [1]
  .text              ro code  0x080039c8   0x380  stm32l4xx_hal_rcc_ex.o [1]
  .text              ro code  0x08003d48    0x32  ABImemset48.o [5]
  .text              ro code  0x08003d7c    0x30  stm32l4xx_hal_msp.o [1]
  .text              ro code  0x08003dac   0x526  stm32l4xx_hal_uart.o [1]
  .text              ro code  0x080042d4    0x8c  system_stm32l4xx.o [1]
  .text              ro code  0x08004360    0x40  zero_init3.o [5]
  .text              ro code  0x080043a0    0x38  packbits_init_single.o [5]
  .text              ro code  0x080043d8    0x34  stm32l4xx_it.o [1]
  .text              ro code  0x0800440c    0x10  stm32l4xx_hal.o [1]
  .text              ro code  0x0800441c    0x28  data_init.o [5]
  .text              ro code  0x08004444    0x22  fpinit_M.o [4]
  .iar.init_table    const    0x08004468    0x20  - Linker created -
  .text              ro code  0x08004488    0x1e  cmain.o [5]
  .text              ro code  0x080044a6     0x4  low_level_init.o [3]
  .text              ro code  0x080044aa     0x4  exit.o [3]
  .text              ro code  0x080044b0     0xa  cexit.o [5]
  .text              ro code  0x080044bc    0x18  usart.o [1]
  .text              ro code  0x080044d4    0x16  xprout.o [3]
  .text              ro code  0x080044ec     0xc  putchar.o [3]
  .text              ro code  0x080044f8    0x10  startup_stm32l431xx.o [1]
  .text              ro code  0x08004508     0xc  cstartup_M.o [5]
  .rodata            const    0x08004514     0x8  system_stm32l4xx.o [1]
  .rodata            const    0x0800451c     0x6  xlocale_c.o [3]
  .text              ro code  0x08004522     0x4  startup_stm32l431xx.o [1]
  .text              ro code  0x08004526     0x4  startup_stm32l431xx.o [1]
  .text              ro code  0x0800452a     0x4  startup_stm32l431xx.o [1]
  .text              ro code  0x0800452e     0x4  startup_stm32l431xx.o [1]
  .text              ro code  0x08004532     0x4  startup_stm32l431xx.o [1]
  .text              ro code  0x08004536     0x4  startup_stm32l431xx.o [1]
  .text              ro code  0x0800453a     0x4  startup_stm32l431xx.o [1]
  .text              ro code  0x0800453e     0x4  startup_stm32l431xx.o [1]
  .text              ro code  0x08004542     0x4  startup_stm32l431xx.o [1]
  .text              ro code  0x08004546     0x4  startup_stm32l431xx.o [1]
  .text              ro code  0x0800454a     0x4  startup_stm32l431xx.o [1]
  .text              ro code  0x0800454e     0x4  startup_stm32l431xx.o [1]
  .text              ro code  0x08004552     0x4  startup_stm32l431xx.o [1]
  .text              ro code  0x08004556     0x4  startup_stm32l431xx.o [1]
  .text              ro code  0x0800455a     0x4  startup_stm32l431xx.o [1]
  .text              ro code  0x0800455e     0x4  startup_stm32l431xx.o [1]
  .text              ro code  0x08004562     0x4  startup_stm32l431xx.o [1]
  .text              ro code  0x08004566     0x4  startup_stm32l431xx.o [1]
  .text              ro code  0x0800456a     0x4  startup_stm32l431xx.o [1]
  .text              ro code  0x0800456e     0x4  startup_stm32l431xx.o [1]
  .text              ro code  0x08004572     0x4  startup_stm32l431xx.o [1]
  .text              ro code  0x08004576     0x4  startup_stm32l431xx.o [1]
  .text              ro code  0x0800457a     0x4  startup_stm32l431xx.o [1]
  .text              ro code  0x0800457e     0x4  startup_stm32l431xx.o [1]
  .text              ro code  0x08004582     0x4  startup_stm32l431xx.o [1]
  .text              ro code  0x08004586     0x4  startup_stm32l431xx.o [1]
  .text              ro code  0x0800458a     0x4  startup_stm32l431xx.o [1]
  .text              ro code  0x0800458e     0x4  startup_stm32l431xx.o [1]
  .text              ro code  0x08004592     0x4  startup_stm32l431xx.o [1]
  .text              ro code  0x08004596     0x4  startup_stm32l431xx.o [1]
  .text              ro code  0x0800459a     0x4  startup_stm32l431xx.o [1]
  .text              ro code  0x0800459e     0x4  startup_stm32l431xx.o [1]
  .text              ro code  0x080045a2     0x4  startup_stm32l431xx.o [1]
  .text              ro code  0x080045a6     0x4  startup_stm32l431xx.o [1]
  .text              ro code  0x080045aa     0x4  startup_stm32l431xx.o [1]
  .text              ro code  0x080045ae     0x4  startup_stm32l431xx.o [1]
  .text              ro code  0x080045b2     0x4  startup_stm32l431xx.o [1]
  .text              ro code  0x080045b6     0x4  startup_stm32l431xx.o [1]
  .text              ro code  0x080045ba     0x4  startup_stm32l431xx.o [1]
  .text              ro code  0x080045be     0x4  startup_stm32l431xx.o [1]
  .text              ro code  0x080045c2     0x4  startup_stm32l431xx.o [1]
  .text              ro code  0x080045c6     0x4  startup_stm32l431xx.o [1]
  .text              ro code  0x080045ca     0x4  startup_stm32l431xx.o [1]
  .text              ro code  0x080045ce     0x4  startup_stm32l431xx.o [1]
  .text              ro code  0x080045d2     0x4  startup_stm32l431xx.o [1]
  .text              ro code  0x080045d6     0x4  startup_stm32l431xx.o [1]
  .text              ro code  0x080045da     0x4  startup_stm32l431xx.o [1]
  .text              ro code  0x080045de     0x4  startup_stm32l431xx.o [1]
  .text              ro code  0x080045e2     0x4  startup_stm32l431xx.o [1]
  .text              ro code  0x080045e6     0x4  startup_stm32l431xx.o [1]
  .text              ro code  0x080045ea     0x4  startup_stm32l431xx.o [1]
  .text              ro code  0x080045ee     0x4  startup_stm32l431xx.o [1]
  .text              ro code  0x080045f2     0x4  startup_stm32l431xx.o [1]
  .text              ro code  0x080045f6     0x4  startup_stm32l431xx.o [1]
  .text              ro code  0x080045fa     0x4  startup_stm32l431xx.o [1]
  .text              ro code  0x080045fe     0x4  startup_stm32l431xx.o [1]
  .text              ro code  0x08004602     0x4  startup_stm32l431xx.o [1]
  .text              ro code  0x08004606     0x4  startup_stm32l431xx.o [1]
  .text              ro code  0x0800460a     0x4  startup_stm32l431xx.o [1]
  .text              ro code  0x0800460e     0x4  startup_stm32l431xx.o [1]
  .rodata            const    0x08004612     0x0  zero_init3.o [5]
  .rodata            const    0x08004612     0x0  packbits_init_single.o [5]
  Initializer bytes  const    0x08004612    0x84  <for P2-1>
                            - 0x08004696  0x450a

"P2", part 1 of 3:                          0xd8
  P2-1                        0x20000000    0xd8  <Init block>
    .data            inited   0x20000000     0xc  stm32l4xx_hal.o [1]
    .data            inited   0x2000000c     0x4  system_stm32l4xx.o [1]
    .data            inited   0x20000010    0x38  xlocale_c.o [3]
    .data            inited   0x20000048    0x48  xlocale_c.o [3]
    .data            inited   0x20000090    0x48  xfiles.o [3]
                            - 0x200000d8    0xd8

"P2", part 2 of 3:                         0x1c8
  .bss               zero     0x200000d8    0x90  i2c.o [1]
  .bss               zero     0x20000168    0x80  usart.o [1]
  .bss               zero     0x200001e8    0x50  xfiles.o [3]
  .bss               zero     0x20000238    0x4c  i2c.o [1]
  .bss               zero     0x20000284     0xc  ADXL.o [1]
  .bss               zero     0x20000290     0xc  gpio.o [1]
  .bss               zero     0x2000029c     0x4  xfail_s.o [3]
                            - 0x200002a0   0x1c8

"P2", part 3 of 3:                         0x400
  CSTACK                      0x200002a0   0x400  <Block>
    CSTACK           uninit   0x200002a0   0x400  <Block tail>
                            - 0x200006a0   0x400


*******************************************************************************
*** INIT TABLE
***

          Address     Size
          -------     ----
Zero (__iar_zero_init3)
    1 destination range, total size 0x1c8:
          0x200000d8  0x1c8

Copy/packbits (__iar_packbits_init_single3)
    1 source range, total size 0x84 (61% of destination):
          0x08004612   0x84
    1 destination range, total size 0xd8:
          0x20000000   0xd8



*******************************************************************************
*** MODULE SUMMARY
***

    Module                  ro code  ro data  rw data
    ------                  -------  -------  -------
C:\Users\wwxx\Desktop\ADXL345_IIC_l431\EWARM\ADXL345_IIC_l431\Obj: [1]
    ADXL.o                      916                12
    dma.o                        64
    gpio.o                      332                12
    i2c.o                       304               220
    main.o                      276
    startup_stm32l431xx.o       652
    stm32l4xx_hal.o             166        7       12
    stm32l4xx_hal_cortex.o      200
    stm32l4xx_hal_dma.o         416
    stm32l4xx_hal_gpio.o        496
    stm32l4xx_hal_i2c.o       1 496
    stm32l4xx_hal_i2c_ex.o      134
    stm32l4xx_hal_msp.o          48
    stm32l4xx_hal_pwr_ex.o      128
    stm32l4xx_hal_rcc.o       1 856
    stm32l4xx_hal_rcc_ex.o      896
    stm32l4xx_hal_uart.o      1 318
    stm32l4xx_it.o               52
    system_stm32l4xx.o          140       10        4
    usart.o                     184               128
    -------------------------------------------------
    Total:                   10 074       17      388

command line: [2]
    -------------------------------------------------
    Total:

dl7M_tlf.a: [3]
    abort.o                       6
    exit.o                        4
    low_level_init.o              4
    printf.o                     40
    putchar.o                    12
    xencoding_8859_1.o           30
    xfail_s.o                    64                 4
    xfiles.o                              44      152
    xlocale_c.o                 116       85      128
    xmbcurmax.o                  10
    xprintffull.o             3 990
    xprout.o                     22
    -------------------------------------------------
    Total:                    4 298      129      284

m7M_tls.a: [4]
    DblAdd.o                    360
    DblCmpGe.o                   46
    DblCmpLe.o                   46
    DblDiv.o                    582
    DblMul.o                    418
    DblSub.o                    226
    DblToS32.o                   58
    DblToU32.o                   40
    S32ToDbl.o                   34
    U32ToDbl.o                   26
    fpinit_M.o                   34
    frexp.o                     112
    ldexp.o                     314
    -------------------------------------------------
    Total:                    2 296

rt7M_tl.a: [5]
    ABImemclr4.o                  6
    ABImemcpy.o                 166
    ABImemset48.o                50
    I64DivMod.o                 558
    I64DivZer.o                   2
    cexit.o                      10
    cmain.o                      30
    cstartup_M.o                 12
    data_init.o                  40
    memchr.o                     88
    packbits_init_single.o       56
    strchr.o                     22
    strlen.o                     54
    zero_init3.o                 64
    -------------------------------------------------
    Total:                    1 158

shb_l.a: [6]
    exit.o                       20
    -------------------------------------------------
    Total:                       20

    Gaps                         44        2
    Linker created                        32    1 024
-----------------------------------------------------
    Grand Total:             17 890      180    1 696


*******************************************************************************
*** ENTRY LIST
***

Entry                      Address   Size  Type      Object
-----                      -------   ----  ----      ------
.iar.init_table$$Base   0x08004468          --   Gb  - Linker created -
.iar.init_table$$Limit  0x08004488          --   Gb  - Linker created -
?main                   0x08004489         Code  Gb  cmain.o [5]
ADXL_Measure            0x08003885   0x30  Code  Gb  ADXL.o [1]
ADXL_getAccel           0x080037b9   0xa2  Code  Gb  ADXL.o [1]
AHBPrescTable           0x08004320   0x10  Data  Gb  system_stm32l4xx.o [1]
APBPrescTable           0x08004514    0x8  Data  Gb  system_stm32l4xx.o [1]
BusFault_Handler        0x080043df    0x2  Code  Gb  stm32l4xx_it.o [1]
CSTACK$$Base            0x200002a0          --   Gb  - Linker created -
CSTACK$$Limit           0x200006a0          --   Gb  - Linker created -
CacheMore               0x08001145   0x24  Code  Lc  xlocale_c.o [3]
DMA1_Channel6_IRQHandler
                        0x080043f9    0x6  Code  Gb  stm32l4xx_it.o [1]
DMA1_Channel7_IRQHandler
                        0x080043ff    0x6  Code  Gb  stm32l4xx_it.o [1]
DebugMon_Handler        0x080043e5    0x2  Code  Gb  stm32l4xx_it.o [1]
Dev_ADXL_Init           0x080035e5  0x132  Code  Gb  ADXL.o [1]
EXTI2_IRQHandler        0x080043ed    0x6  Code  Gb  stm32l4xx_it.o [1]
EXTI3_IRQHandler        0x080043f3    0x6  Code  Gb  stm32l4xx_it.o [1]
Error_Handler           0x08002f63    0x2  Code  Gb  main.o [1]
GAINX                   0x20000284    0x4  Data  Gb  ADXL.o [1]
GAINY                   0x20000288    0x4  Data  Gb  ADXL.o [1]
GAINZ                   0x2000028c    0x4  Data  Gb  ADXL.o [1]
HAL_DMA_IRQHandler      0x080032d1   0xaa  Code  Gb  stm32l4xx_hal_dma.o [1]
HAL_DMA_Init            0x080031f9   0xae  Code  Gb  stm32l4xx_hal_dma.o [1]
HAL_Delay               0x080039a1   0x28  Code  Wk  stm32l4xx_hal.o [1]
HAL_GPIO_EXTI_Callback  0x0800346d   0x58  Code  Gb  gpio.o [1]
HAL_GPIO_EXTI_IRQHandler
                        0x080031c7   0x10  Code  Gb  stm32l4xx_hal_gpio.o [1]
HAL_GPIO_Init           0x08003009  0x1a0  Code  Gb  stm32l4xx_hal_gpio.o [1]
HAL_GPIO_TogglePin      0x080031b7   0x10  Code  Gb  stm32l4xx_hal_gpio.o [1]
HAL_GPIO_WritePin       0x080031a9    0xe  Code  Gb  stm32l4xx_hal_gpio.o [1]
HAL_GetTick             0x08002609    0xc  Code  Wk  stm32l4xx_hal.o [1]
HAL_I2CEx_ConfigAnalogFilter
                        0x08002f79   0x30  Code  Gb  stm32l4xx_hal_i2c_ex.o [1]
HAL_I2CEx_ConfigDigitalFilter
                        0x08002fa9   0x2c  Code  Gb  stm32l4xx_hal_i2c_ex.o [1]
HAL_I2C_Init            0x0800275d   0xa2  Code  Gb  stm32l4xx_hal_i2c.o [1]
HAL_I2C_IsDeviceReady   0x08002a29   0xfa  Code  Gb  stm32l4xx_hal_i2c.o [1]
HAL_I2C_Master_Receive  0x080028d7   0x9c  Code  Gb  stm32l4xx_hal_i2c.o [1]
HAL_I2C_Master_Transmit
                        0x0800280f   0x9a  Code  Gb  stm32l4xx_hal_i2c.o [1]
HAL_I2C_MspInit         0x08002d83   0xc4  Code  Gb  i2c.o [1]
HAL_IncTick             0x0800440d   0x10  Code  Wk  stm32l4xx_hal.o [1]
HAL_Init                0x08003399   0x1e  Code  Gb  stm32l4xx_hal.o [1]
HAL_InitTick            0x080025c5   0x44  Code  Wk  stm32l4xx_hal.o [1]
HAL_MspInit             0x08003d7d   0x30  Code  Gb  stm32l4xx_hal_msp.o [1]
HAL_NVIC_EnableIRQ      0x08002707   0x16  Code  Gb  stm32l4xx_hal_cortex.o [1]
HAL_NVIC_SetPriority    0x080026cd   0x3a  Code  Gb  stm32l4xx_hal_cortex.o [1]
HAL_NVIC_SetPriorityGrouping
                        0x080026b3   0x1a  Code  Gb  stm32l4xx_hal_cortex.o [1]
HAL_PWREx_ControlVoltageScaling
                        0x08002621   0x68  Code  Gb  stm32l4xx_hal_pwr_ex.o [1]
HAL_PWREx_GetVoltageRange
                        0x08002615    0xc  Code  Gb  stm32l4xx_hal_pwr_ex.o [1]
HAL_RCCEx_PeriphCLKConfig
                        0x080039c9  0x254  Code  Gb  stm32l4xx_hal_rcc_ex.o [1]
HAL_RCC_ClockConfig     0x08002349   0xe4  Code  Gb  stm32l4xx_hal_rcc.o [1]
HAL_RCC_GetPCLK1Freq    0x080024e7   0x10  Code  Gb  stm32l4xx_hal_rcc.o [1]
HAL_RCC_GetPCLK2Freq    0x080024f7    0xe  Code  Gb  stm32l4xx_hal_rcc.o [1]
HAL_RCC_GetSysClockFreq
                        0x08002455   0x92  Code  Gb  stm32l4xx_hal_rcc.o [1]
HAL_RCC_OscConfig       0x08001e85  0x4a0  Code  Gb  stm32l4xx_hal_rcc.o [1]
HAL_SYSTICK_Config      0x0800271d   0x28  Code  Gb  stm32l4xx_hal_cortex.o [1]
HAL_UART_Init           0x08003dad   0x30  Code  Gb  stm32l4xx_hal_uart.o [1]
HAL_UART_MspInit        0x08003579   0x5e  Code  Gb  usart.o [1]
HAL_UART_Transmit       0x08003e2d   0xb4  Code  Gb  stm32l4xx_hal_uart.o [1]
HardFault_Handler       0x080043db    0x2  Code  Gb  stm32l4xx_it.o [1]
I2C_Flush_TXDR          0x08002b41   0x20  Code  Lc  stm32l4xx_hal_i2c.o [1]
I2C_IsAcknowledgeFailed
                        0x08002c97   0x68  Code  Lc  stm32l4xx_hal_i2c.o [1]
I2C_TransferConfig      0x08002d09   0x22  Code  Lc  stm32l4xx_hal_i2c.o [1]
I2C_WaitOnFlagUntilTimeout
                        0x08002b61   0x42  Code  Lc  stm32l4xx_hal_i2c.o [1]
I2C_WaitOnRXNEFlagUntilTimeout
                        0x08002c29   0x6e  Code  Lc  stm32l4xx_hal_i2c.o [1]
I2C_WaitOnSTOPFlagUntilTimeout
                        0x08002bf1   0x30  Code  Lc  stm32l4xx_hal_i2c.o [1]
I2C_WaitOnTXISFlagUntilTimeout
                        0x08002ba3   0x36  Code  Lc  stm32l4xx_hal_i2c.o [1]
LoadInt                 0x0800037b   0x7a  Code  Lc  xprintffull.o [3]
MSIRangeTable           0x08004330   0x30  Data  Gb  system_stm32l4xx.o [1]
MX_DMA_Init             0x08003505   0x40  Code  Gb  dma.o [1]
MX_GPIO_Init            0x080033b9   0xb4  Code  Gb  gpio.o [1]
MX_I2C1_Init            0x08002d35   0x4e  Code  Gb  i2c.o [1]
MX_USART2_UART_Init     0x08003545   0x34  Code  Gb  usart.o [1]
MemManage_Handler       0x080043dd    0x2  Code  Gb  stm32l4xx_it.o [1]
NMI_Handler             0x080043d9    0x2  Code  Gb  stm32l4xx_it.o [1]
PendSV_Handler          0x080043e7    0x2  Code  Gb  stm32l4xx_it.o [1]
RCCEx_PLLSAI1_Config    0x08003c23  0x108  Code  Lc  stm32l4xx_hal_rcc_ex.o [1]
RCC_SetFlashLatencyFromMSIRange
                        0x0800250f   0x74  Code  Lc  stm32l4xx_hal_rcc.o [1]
Region$$Table$$Base     0x08004468          --   Gb  - Linker created -
Region$$Table$$Limit    0x08004488          --   Gb  - Linker created -
SVC_Handler             0x080043e3    0x2  Code  Gb  stm32l4xx_it.o [1]
SysTick_Handler         0x080043e9    0x4  Code  Gb  stm32l4xx_it.o [1]
SystemClock_Config      0x08002ee5   0x7e  Code  Gb  main.o [1]
SystemCoreClock         0x2000000c    0x4  Data  Gb  system_stm32l4xx.o [1]
SystemInit              0x080042d5   0x3c  Code  Gb  system_stm32l4xx.o [1]
UART_AdvFeatureConfig   0x0800414d   0xc6  Code  Gb  stm32l4xx_hal_uart.o [1]
UART_CheckIdleState     0x08004213   0x5a  Code  Gb  stm32l4xx_hal_uart.o [1]
UART_SetConfig          0x08003ee1  0x236  Code  Gb  stm32l4xx_hal_uart.o [1]
UART_WaitOnFlagUntilTimeout
                        0x0800426d   0x5a  Code  Gb  stm32l4xx_hal_uart.o [1]
UsageFault_Handler      0x080043e1    0x2  Code  Gb  stm32l4xx_it.o [1]
_Encoding_8859_1_Mbrlen
                        0x08001135    0x2  Code  Gb  xencoding_8859_1.o [3]
_Encoding_8859_1_Wctomb
                        0x08001123   0x12  Code  Gb  xencoding_8859_1.o [3]
_GenldFull              0x08000dfd  0x274  Code  Lc  xprintffull.o [3]
_LdtobFull              0x080009d1  0x3fe  Code  Lc  xprintffull.o [3]
_LitobFull              0x08000879  0x112  Code  Lc  xprintffull.o [3]
_Locale_lconv           0x20000010   0x38  Data  Lc  xlocale_c.o [3]
_PrintfFull             0x0800018d  0x1d6  Code  Gb  xprintffull.o [3]
_Prout                  0x080044d5   0x16  Code  Gb  xprout.o [3]
_PutcharsFull           0x08001071   0x2e  Code  Lc  xprintffull.o [3]
_PutfldFull             0x080003f5  0x2d0  Code  Lc  xprintffull.o [3]
_PutstrFull             0x080007bb   0xbe  Code  Lc  xprintffull.o [3]
_PuttxtFull             0x080006c5   0xf6  Code  Lc  xprintffull.o [3]
__NVIC_SetPriority      0x08002695   0x1e  Code  Lc  stm32l4xx_hal_cortex.o [1]
__aeabi_cdcmple         0x08001795         Code  Gb  DblCmpLe.o [4]
__aeabi_cdrcmple        0x080017c5         Code  Gb  DblCmpGe.o [4]
__aeabi_d2iz            0x08001931         Code  Gb  DblToS32.o [4]
__aeabi_d2uiz           0x08001cbd         Code  Gb  DblToU32.o [4]
__aeabi_ddiv            0x08001a75         Code  Gb  DblDiv.o [4]
__aeabi_dmul            0x08001581         Code  Gb  DblMul.o [4]
__aeabi_dsub            0x08001991         Code  Gb  DblSub.o [4]
__aeabi_i2d             0x0800196d         Code  Gb  S32ToDbl.o [4]
__aeabi_ldiv0           0x08001d05         Code  Gb  I64DivZer.o [5]
__aeabi_memclr4         0x08003001         Code  Gb  ABImemclr4.o [5]
__aeabi_memcpy          0x080012a9         Code  Gb  ABImemcpy.o [5]
__aeabi_memcpy4         0x080012c9         Code  Gb  ABImemcpy.o [5]
__aeabi_memcpy8         0x080012c9         Code  Gb  ABImemcpy.o [5]
__aeabi_ui2d            0x08001ce5         Code  Gb  U32ToDbl.o [4]
__aeabi_uldivmod        0x08001351         Code  Gb  I64DivMod.o [5]
__cmain                 0x08004489         Code  Gb  cmain.o [5]
__exit                  0x08001e71   0x14  Code  Gb  exit.o [6]
__iar_Fail_s            0x080011cd   0x1c  Code  Gb  xfail_s.o [3]
__iar_Mbcurmax          0x0800129d    0xa  Code  Gb  xmbcurmax.o [3]
__iar_Memchr            0x08001245         Code  Gb  memchr.o [5]
__iar_Memset4_word      0x08003d49         Code  Gb  ABImemset48.o [5]
__iar_Memset8_word      0x08003d49         Code  Gb  ABImemset48.o [5]
__iar_Stdout            0x20000090   0x48  Data  Gb  xfiles.o [3]
__iar_Strchr            0x080011b5         Code  Gb  strchr.o [5]
__iar_dadd              0x080019a1         Code  Gb  DblSub.o [4]
__iar_data_init3        0x0800441d   0x28  Code  Gb  data_init.o [5]
__iar_dsub              0x08001d09         Code  Gb  DblAdd.o [4]
__iar_dsubStart         0x08001d1b         Code  Gb  DblAdd.o [4]
__iar_frexp             0x08001731         Code  Gb  frexp.o [4]
__iar_frexpl            0x08001731         Code  Gb  frexp.o [4]
__iar_globLocale        0x20000048   0x48  Data  Lc  xlocale_c.o [3]
__iar_global_Locale     0x08001141    0x4  Code  Gb  xlocale_c.o [3]
__iar_init_vfp          0x08004445         Code  Gb  fpinit_M.o [4]
__iar_ldexp64           0x080017f5         Code  Gb  ldexp.o [4]
__iar_packbits_init_single3
                        0x080043a1   0x38  Code  Gb  packbits_init_single.o [5]
__iar_program_start     0x08004509         Code  Gb  cstartup_M.o [5]
__iar_scalbln64         0x080017f5         Code  Gb  ldexp.o [4]
__iar_scalbn64          0x080017f5         Code  Gb  ldexp.o [4]
__iar_softfp___iar_frexp64
                        0x08001725         Code  Gb  frexp.o [4]
__iar_softfp_frexp      0x08001725         Code  Gb  frexp.o [4]
__iar_softfp_frexpl     0x08001725         Code  Gb  frexp.o [4]
__iar_systems$$module {Abs}
                        0x00000001         Data  Gb  command line/config [2]
__iar_zero_init3        0x08004361   0x40  Code  Gb  zero_init3.o [5]
__low_level_init        0x080044a7    0x4  Code  Gb  low_level_init.o [3]
__vector_table          0x08000000         Data  Gb  startup_stm32l431xx.o [1]
_call_main              0x08004495         Code  Gb  cmain.o [5]
_exit                   0x080044b1         Code  Gb  cexit.o [5]
_gLocale_mblen          0x080011a1    0x4  Code  Gb  xlocale_c.o [3]
_gLocale_mblenInt       0x08001169   0x34  Code  Gb  xlocale_c.o [3]
_gLocale_wctomb         0x080011a5    0x4  Code  Gb  xlocale_c.o [3]
_gLocale_wctombInt      0x0800119d    0x4  Code  Gb  xlocale_c.o [3]
_main                   0x080044a3         Code  Gb  cmain.o [5]
abort                   0x08001cff    0x6  Code  Gb  abort.o [3]
acc                     0x20000294    0x8  Data  Gb  gpio.o [1]
exit                    0x080044ab    0x4  Code  Gb  exit.o [3]
fputc                   0x080044bd   0x18  Code  Wk  usart.o [1]
hdma_i2c1_rx            0x200000d8   0x48  Data  Gb  i2c.o [1]
hdma_i2c1_tx            0x20000120   0x48  Data  Gb  i2c.o [1]
hi2c1                   0x20000238   0x4c  Data  Gb  i2c.o [1]
huart2                  0x20000168   0x80  Data  Gb  usart.o [1]
ldexp                   0x080017f5         Code  Gb  ldexp.o [4]
ldexpl                  0x080017f5         Code  Gb  ldexp.o [4]
localeconv              0x080011a9    0x4  Code  Gb  xlocale_c.o [3]
main                    0x08002e65   0x7c  Code  Gb  main.o [1]
memchr                  0x08001245         Code  Gb  memchr.o [5]
obuf                    0x200001e8   0x50  Data  Lc  xfiles.o [3]
printf                  0x08003979   0x28  Code  Gb  printf.o [3]
putchar                 0x080044ed    0xc  Code  Gb  putchar.o [3]
readRegister            0x0800374d   0x6c  Code  Gb  ADXL.o [1]
rx                      0x20000290    0x4  Data  Gb  gpio.o [1]
scalbln                 0x080017f5         Code  Gb  ldexp.o [4]
scalblnl                0x080017f5         Code  Gb  ldexp.o [4]
scalbn                  0x080017f5         Code  Gb  ldexp.o [4]
scalbnl                 0x080017f5         Code  Gb  ldexp.o [4]
scale                   0x0800098b   0x46  Code  Lc  xprintffull.o [3]
sec_hand                0x2000029c    0x4  Data  Lc  xfail_s.o [3]
strchr                  0x080011b5         Code  Gb  strchr.o [5]
strlen                  0x0800120d         Code  Gb  strlen.o [5]
uwTick                  0x20000000    0x4  Data  Gb  stm32l4xx_hal.o [1]
uwTickFreq              0x20000008    0x4  Data  Gb  stm32l4xx_hal.o [1]
uwTickPrio              0x20000004    0x4  Data  Gb  stm32l4xx_hal.o [1]
writeRegister           0x08003719   0x34  Code  Lc  ADXL.o [1]


[1] = C:\Users\wwxx\Desktop\ADXL345_IIC_l431\EWARM\ADXL345_IIC_l431\Obj
[2] = command line
[3] = dl7M_tlf.a
[4] = m7M_tls.a
[5] = rt7M_tl.a
[6] = shb_l.a

  17 890 bytes of readonly  code memory
     180 bytes of readonly  data memory
   1 696 bytes of readwrite data memory

Errors: none
Warnings: none
